aaron-bond.better-comments
alefragnani.Bookmarks
alefragnani.pascal
alefragnani.pascal-formatter
Angular.ng-template
asciidoctor.asciidoctor-vscode
bibhasdn.django-snippets
bierner.emojisense
bpmn-io.vs-code-bpmn-io
brunnerh.insert-unicode
bungcip.better-toml
christian-kohler.path-intellisense
codezombiech.gitignore
DanielSanMedium.dscodegpt
eamodio.gitlens
EditorConfig.EditorConfig
Equinusocio.vsc-community-material-theme
Equinusocio.vsc-material-theme
equinusocio.vsc-material-theme-icons
esbenp.prettier-vscode
exiasr.hadolint
formulahendry.code-runner
gitpod.gitpod-desktop
humao.rest-client
IBM.output-colorizer
infinity1207.angular2-switcher
ivory-lab.jenkinsfile-support
jebbs.plantuml
johnpapa.Angular2
m4ns0ur.base64
marcostazi.VS-code-vagrantfile
Mikael.Angular-BeastCode
minhthai.vscode-todo-parser
mrorz.language-gettext
ms-azuretools.vscode-docker
MS-CEINTL.vscode-language-pack-pt-BR
ms-kubernetes-tools.vscode-kubernetes-tools
ms-python.flake8
ms-python.isort
ms-python.pylint
ms-python.python
ms-python.vscode-pylance
ms-toolsai.jupyter
ms-toolsai.jupyter-keymap
ms-toolsai.jupyter-renderers
ms-toolsai.vscode-jupyter-cell-tags
ms-toolsai.vscode-jupyter-slideshow
ms-vscode-remote.remote-containers
ms-vscode-remote.remote-ssh
ms-vscode-remote.remote-ssh-edit
ms-vscode.makefile-tools
ms-vscode.remote-explorer
ms-vsliveshare.vsliveshare
natewallace.angular2-inline
pedro-w.tmlanguage
PKief.material-icon-theme
redhat.vscode-yaml
sadesyllas.vscode-workspace-switcher
silverlakesoftware.searchdocsets-vscode
sleistner.vscode-fileutils
streetsidesoftware.code-spell-checker
streetsidesoftware.code-spell-checker-portuguese-brazilian
traBpUkciP.wolf
usernamehw.errorlens
VisualStudioExptTeam.intellicode-api-usage-examples
VisualStudioExptTeam.vscodeintellicode
